
-- Running command `read_verilog ../build/yosys/bedrock_agu_sv2v.v; synth -top bedrock_agu; stat -top bedrock_agu; write_json ../build/yosys/bedrock_agu.json' --

1. Executing Verilog-2005 frontend: ../build/yosys/bedrock_agu_sv2v.v
Parsing Verilog input from `../build/yosys/bedrock_agu_sv2v.v' to AST representation.
Generating RTLIL representation for module `\bedrock_agu'.
Successfully finished Verilog frontend.

2. Executing SYNTH pass.

2.1. Executing HIERARCHY pass (managing design hierarchy).

2.1.1. Analyzing design hierarchy..
Top module:  \bedrock_agu

2.1.2. Analyzing design hierarchy..
Top module:  \bedrock_agu
Removed 0 unused modules.

2.2. Executing PROC pass (convert processes to netlists).

2.2.1. Executing PROC_CLEAN pass (remove empty switches from decision trees).
Found and cleaned up 1 empty switch in `\bedrock_agu.$proc$../build/yosys/bedrock_agu_sv2v.v:60$3'.
Cleaned up 1 empty switch.

2.2.2. Executing PROC_RMDEAD pass (remove dead branches from decision trees).
Removed a total of 0 dead cases.

2.2.3. Executing PROC_PRUNE pass (remove redundant assignments in processes).
Removed 0 redundant assignments.
Promoted 24 assignments to connections.

2.2.4. Executing PROC_INIT pass (extract init attributes).

2.2.5. Executing PROC_ARST pass (detect async resets in processes).

2.2.6. Executing PROC_ROM pass (convert switches to ROMs).
Converted 0 switches.
<suppressed ~3 debug messages>

2.2.7. Executing PROC_MUX pass (convert decision trees to multiplexers).
Creating decoders for process `\bedrock_agu.$proc$../build/yosys/bedrock_agu_sv2v.v:87$39'.
Creating decoders for process `\bedrock_agu.$proc$../build/yosys/bedrock_agu_sv2v.v:60$3'.
     1/3: $1\sign_extend_payload$func$../build/yosys/bedrock_agu_sv2v.v:71$2.$result[63:0]$12
     2/3: $1\sign_extend_payload$func$../build/yosys/bedrock_agu_sv2v.v:70$1.$result[63:0]$10
     3/3: $1\base_value[63:0]

2.2.8. Executing PROC_DLATCH pass (convert process syncs to latches).
No latch inferred for signal `\bedrock_agu.\_sv2v_0' from process `\bedrock_agu.$proc$../build/yosys/bedrock_agu_sv2v.v:87$39'.
No latch inferred for signal `\bedrock_agu.\valid_o' from process `\bedrock_agu.$proc$../build/yosys/bedrock_agu_sv2v.v:60$3'.
No latch inferred for signal `\bedrock_agu.\address_valid_o' from process `\bedrock_agu.$proc$../build/yosys/bedrock_agu_sv2v.v:60$3'.
No latch inferred for signal `\bedrock_agu.\effective_address_o' from process `\bedrock_agu.$proc$../build/yosys/bedrock_agu_sv2v.v:60$3'.
No latch inferred for signal `\bedrock_agu.\immediate_value_o' from process `\bedrock_agu.$proc$../build/yosys/bedrock_agu_sv2v.v:60$3'.
No latch inferred for signal `\bedrock_agu.\update_write_o' from process `\bedrock_agu.$proc$../build/yosys/bedrock_agu_sv2v.v:60$3'.
No latch inferred for signal `\bedrock_agu.\update_value_o' from process `\bedrock_agu.$proc$../build/yosys/bedrock_agu_sv2v.v:60$3'.
No latch inferred for signal `\bedrock_agu.\update_invalid_o' from process `\bedrock_agu.$proc$../build/yosys/bedrock_agu_sv2v.v:60$3'.
No latch inferred for signal `\bedrock_agu.\base_value' from process `\bedrock_agu.$proc$../build/yosys/bedrock_agu_sv2v.v:60$3'.
No latch inferred for signal `\bedrock_agu.\updated_base_value' from process `\bedrock_agu.$proc$../build/yosys/bedrock_agu_sv2v.v:60$3'.
No latch inferred for signal `\bedrock_agu.\address_base_value' from process `\bedrock_agu.$proc$../build/yosys/bedrock_agu_sv2v.v:60$3'.
No latch inferred for signal `\bedrock_agu.\displacement_value' from process `\bedrock_agu.$proc$../build/yosys/bedrock_agu_sv2v.v:60$3'.
No latch inferred for signal `\bedrock_agu.\absolute_value' from process `\bedrock_agu.$proc$../build/yosys/bedrock_agu_sv2v.v:60$3'.
No latch inferred for signal `\bedrock_agu.\index_value' from process `\bedrock_agu.$proc$../build/yosys/bedrock_agu_sv2v.v:60$3'.
No latch inferred for signal `\bedrock_agu.\scaled_index_value' from process `\bedrock_agu.$proc$../build/yosys/bedrock_agu_sv2v.v:60$3'.
No latch inferred for signal `\bedrock_agu.\update_amount' from process `\bedrock_agu.$proc$../build/yosys/bedrock_agu_sv2v.v:60$3'.
No latch inferred for signal `\bedrock_agu.\update_is_pre' from process `\bedrock_agu.$proc$../build/yosys/bedrock_agu_sv2v.v:60$3'.
No latch inferred for signal `\bedrock_agu.\update_is_dec' from process `\bedrock_agu.$proc$../build/yosys/bedrock_agu_sv2v.v:60$3'.
No latch inferred for signal `\bedrock_agu.\sign_extend_payload$func$../build/yosys/bedrock_agu_sv2v.v:70$1.$result' from process `\bedrock_agu.$proc$../build/yosys/bedrock_agu_sv2v.v:60$3'.
No latch inferred for signal `\bedrock_agu.\sign_extend_payload$func$../build/yosys/bedrock_agu_sv2v.v:70$1.value' from process `\bedrock_agu.$proc$../build/yosys/bedrock_agu_sv2v.v:60$3'.
No latch inferred for signal `\bedrock_agu.\sign_extend_payload$func$../build/yosys/bedrock_agu_sv2v.v:70$1.words' from process `\bedrock_agu.$proc$../build/yosys/bedrock_agu_sv2v.v:60$3'.
No latch inferred for signal `\bedrock_agu.\sign_extend_payload$func$../build/yosys/bedrock_agu_sv2v.v:71$2.$result' from process `\bedrock_agu.$proc$../build/yosys/bedrock_agu_sv2v.v:60$3'.
No latch inferred for signal `\bedrock_agu.\sign_extend_payload$func$../build/yosys/bedrock_agu_sv2v.v:71$2.value' from process `\bedrock_agu.$proc$../build/yosys/bedrock_agu_sv2v.v:60$3'.
No latch inferred for signal `\bedrock_agu.\sign_extend_payload$func$../build/yosys/bedrock_agu_sv2v.v:71$2.words' from process `\bedrock_agu.$proc$../build/yosys/bedrock_agu_sv2v.v:60$3'.

2.2.9. Executing PROC_DFF pass (convert process syncs to FFs).

2.2.10. Executing PROC_MEMWR pass (convert process memory writes to cells).

2.2.11. Executing PROC_CLEAN pass (remove empty switches from decision trees).
Removing empty process `bedrock_agu.$proc$../build/yosys/bedrock_agu_sv2v.v:87$39'.
Found and cleaned up 3 empty switches in `\bedrock_agu.$proc$../build/yosys/bedrock_agu_sv2v.v:60$3'.
Removing empty process `bedrock_agu.$proc$../build/yosys/bedrock_agu_sv2v.v:60$3'.
Cleaned up 3 empty switches.

2.2.12. Executing OPT_EXPR pass (perform const folding).
Optimizing module bedrock_agu.
<suppressed ~3 debug messages>

2.3. Executing OPT_EXPR pass (perform const folding).
Optimizing module bedrock_agu.

2.4. Executing OPT_CLEAN pass (remove unused cells and wires).
Finding unused cells or wires in module \bedrock_agu..
Removed 0 unused cells and 44 unused wires.
<suppressed ~1 debug messages>

2.5. Executing CHECK pass (checking for obvious problems).
Checking module bedrock_agu...
Found and reported 0 problems.

2.6. Executing OPT pass (performing simple optimizations).

2.6.1. Executing OPT_EXPR pass (perform const folding).
Optimizing module bedrock_agu.

2.6.2. Executing OPT_MERGE pass (detect identical cells).
Finding identical cells in module `\bedrock_agu'.
Computing hashes of 41 cells of `\bedrock_agu'.
Finding duplicate cells in `\bedrock_agu'.
Computing hashes of 37 cells of `\bedrock_agu'.
Finding duplicate cells in `\bedrock_agu'.
<suppressed ~12 debug messages>
Removed a total of 4 cells.

2.6.3. Executing OPT_MUXTREE pass (detect dead branches in mux trees).
Running muxtree optimizer on module \bedrock_agu..
  Creating internal representation of mux trees.
  Evaluating internal representation of mux trees.
  Analyzing evaluation results.
    dead port 2/2 on $mux $ternary$../build/yosys/bedrock_agu_sv2v.v:71$13.
Removed 1 multiplexer ports.
<suppressed ~21 debug messages>

2.6.4. Executing OPT_REDUCE pass (consolidate $*mux and $reduce_* inputs).
  Optimizing cells in module \bedrock_agu.
Performed a total of 0 changes.

2.6.5. Executing OPT_MERGE pass (detect identical cells).
Finding identical cells in module `\bedrock_agu'.
Computing hashes of 36 cells of `\bedrock_agu'.
Finding duplicate cells in `\bedrock_agu'.
Computing hashes of 35 cells of `\bedrock_agu'.
Finding duplicate cells in `\bedrock_agu'.
<suppressed ~3 debug messages>
Removed a total of 1 cells.

2.6.6. Executing OPT_DFF pass (perform DFF optimizations).

2.6.7. Executing OPT_CLEAN pass (remove unused cells and wires).
Finding unused cells or wires in module \bedrock_agu..
Removed 0 unused cells and 6 unused wires.
<suppressed ~1 debug messages>

2.6.8. Executing OPT_EXPR pass (perform const folding).
Optimizing module bedrock_agu.

2.6.9. Rerunning OPT passes. (Maybe there is more to do..)

2.6.10. Executing OPT_MUXTREE pass (detect dead branches in mux trees).
Running muxtree optimizer on module \bedrock_agu..
  Creating internal representation of mux trees.
  Evaluating internal representation of mux trees.
  Analyzing evaluation results.
Removed 0 multiplexer ports.
<suppressed ~22 debug messages>

2.6.11. Executing OPT_REDUCE pass (consolidate $*mux and $reduce_* inputs).
  Optimizing cells in module \bedrock_agu.
Performed a total of 0 changes.

2.6.12. Executing OPT_MERGE pass (detect identical cells).
Finding identical cells in module `\bedrock_agu'.
Computing hashes of 35 cells of `\bedrock_agu'.
Finding duplicate cells in `\bedrock_agu'.
Removed a total of 0 cells.

2.6.13. Executing OPT_DFF pass (perform DFF optimizations).

2.6.14. Executing OPT_CLEAN pass (remove unused cells and wires).
Finding unused cells or wires in module \bedrock_agu..

2.6.15. Executing OPT_EXPR pass (perform const folding).
Optimizing module bedrock_agu.

2.6.16. Finished fast OPT passes. (There is nothing left to do.)

2.7. Executing FSM pass (extract and optimize FSM).

2.7.1. Executing FSM_DETECT pass (finding FSMs in design).

2.7.2. Executing FSM_EXTRACT pass (extracting FSM from design).

2.7.3. Executing FSM_OPT pass (simple optimizations of FSMs).

2.7.4. Executing OPT_CLEAN pass (remove unused cells and wires).
Finding unused cells or wires in module \bedrock_agu..

2.7.5. Executing FSM_OPT pass (simple optimizations of FSMs).

2.7.6. Executing FSM_RECODE pass (re-assigning FSM state encoding).

2.7.7. Executing FSM_INFO pass (dumping all available information on FSM cells).

2.7.8. Executing FSM_MAP pass (mapping FSMs to basic logic).

2.8. Executing OPT pass (performing simple optimizations).

2.8.1. Executing OPT_EXPR pass (perform const folding).
Optimizing module bedrock_agu.

2.8.2. Executing OPT_MERGE pass (detect identical cells).
Finding identical cells in module `\bedrock_agu'.
Computing hashes of 35 cells of `\bedrock_agu'.
Finding duplicate cells in `\bedrock_agu'.
Removed a total of 0 cells.

2.8.3. Executing OPT_MUXTREE pass (detect dead branches in mux trees).
Running muxtree optimizer on module \bedrock_agu..
  Creating internal representation of mux trees.
  Evaluating internal representation of mux trees.
  Analyzing evaluation results.
Removed 0 multiplexer ports.
<suppressed ~22 debug messages>

2.8.4. Executing OPT_REDUCE pass (consolidate $*mux and $reduce_* inputs).
  Optimizing cells in module \bedrock_agu.
Performed a total of 0 changes.

2.8.5. Executing OPT_MERGE pass (detect identical cells).
Finding identical cells in module `\bedrock_agu'.
Computing hashes of 35 cells of `\bedrock_agu'.
Finding duplicate cells in `\bedrock_agu'.
Removed a total of 0 cells.

2.8.6. Executing OPT_DFF pass (perform DFF optimizations).

2.8.7. Executing OPT_CLEAN pass (remove unused cells and wires).
Finding unused cells or wires in module \bedrock_agu..

2.8.8. Executing OPT_EXPR pass (perform const folding).
Optimizing module bedrock_agu.

2.8.9. Finished fast OPT passes. (There is nothing left to do.)

2.9. Executing WREDUCE pass (reducing word size of cells).
Removed top 1 bits (of 3) from port B of cell bedrock_agu.$eq$../build/yosys/bedrock_agu_sv2v.v:75$17 ($eq).
Removed top 1 bits (of 3) from port B of cell bedrock_agu.$eq$../build/yosys/bedrock_agu_sv2v.v:76$20 ($eq).
Removed top 60 bits (of 64) from port B of cell bedrock_agu.$sub$../build/yosys/bedrock_agu_sv2v.v:77$23 ($sub).
Removed top 60 bits (of 64) from port B of cell bedrock_agu.$add$../build/yosys/bedrock_agu_sv2v.v:77$24 ($add).
Removed top 1 bits (of 3) from port B of cell bedrock_agu.$procmux$47_CMP0 ($eq).
Removed top 2 bits (of 3) from port B of cell bedrock_agu.$procmux$48_CMP0 ($eq).
Removed top 1 bits (of 3) from port B of cell bedrock_agu.$procmux$52_CMP0 ($eq).
Removed top 2 bits (of 3) from port B of cell bedrock_agu.$procmux$54_CMP0 ($eq).
Removed top 1 bits (of 3) from port B of cell bedrock_agu.$procmux$54_CMP1 ($eq).

2.10. Executing PEEPOPT pass (run peephole optimizers).

2.11. Executing OPT_CLEAN pass (remove unused cells and wires).
Finding unused cells or wires in module \bedrock_agu..

2.12. Executing ALUMACC pass (create $alu and $macc cells).
Extracting $alu and $macc cells in module bedrock_agu:
  creating $macc model for $add$../build/yosys/bedrock_agu_sv2v.v:79$28 ($add).
  creating $macc model for $add$../build/yosys/bedrock_agu_sv2v.v:79$27 ($add).
  creating $macc model for $add$../build/yosys/bedrock_agu_sv2v.v:77$24 ($add).
  creating $macc model for $sub$../build/yosys/bedrock_agu_sv2v.v:77$23 ($sub).
  merging $macc model for $add$../build/yosys/bedrock_agu_sv2v.v:79$27 into $add$../build/yosys/bedrock_agu_sv2v.v:79$28.
  creating $alu model for $macc $add$../build/yosys/bedrock_agu_sv2v.v:77$24.
  creating $alu model for $macc $sub$../build/yosys/bedrock_agu_sv2v.v:77$23.
  creating $macc cell for $add$../build/yosys/bedrock_agu_sv2v.v:79$28: $auto$alumacc.cc:382:replace_macc$55
  creating $alu cell for $sub$../build/yosys/bedrock_agu_sv2v.v:77$23: $auto$alumacc.cc:512:replace_alu$56
  creating $alu cell for $add$../build/yosys/bedrock_agu_sv2v.v:77$24: $auto$alumacc.cc:512:replace_alu$59
  created 2 $alu and 1 $macc cells.

2.13. Executing SHARE pass (SAT-based resource sharing).

2.14. Executing OPT pass (performing simple optimizations).

2.14.1. Executing OPT_EXPR pass (perform const folding).
Optimizing module bedrock_agu.

2.14.2. Executing OPT_MERGE pass (detect identical cells).
Finding identical cells in module `\bedrock_agu'.
Computing hashes of 35 cells of `\bedrock_agu'.
Finding duplicate cells in `\bedrock_agu'.
Removed a total of 0 cells.

2.14.3. Executing OPT_MUXTREE pass (detect dead branches in mux trees).
Running muxtree optimizer on module \bedrock_agu..
  Creating internal representation of mux trees.
  Evaluating internal representation of mux trees.
  Analyzing evaluation results.
Removed 0 multiplexer ports.
<suppressed ~22 debug messages>

2.14.4. Executing OPT_REDUCE pass (consolidate $*mux and $reduce_* inputs).
  Optimizing cells in module \bedrock_agu.
Performed a total of 0 changes.

2.14.5. Executing OPT_MERGE pass (detect identical cells).
Finding identical cells in module `\bedrock_agu'.
Computing hashes of 35 cells of `\bedrock_agu'.
Finding duplicate cells in `\bedrock_agu'.
Removed a total of 0 cells.

2.14.6. Executing OPT_DFF pass (perform DFF optimizations).

2.14.7. Executing OPT_CLEAN pass (remove unused cells and wires).
Finding unused cells or wires in module \bedrock_agu..
Removed 1 unused cells and 1 unused wires.
<suppressed ~2 debug messages>

2.14.8. Executing OPT_EXPR pass (perform const folding).
Optimizing module bedrock_agu.

2.14.9. Rerunning OPT passes. (Maybe there is more to do..)

2.14.10. Executing OPT_MUXTREE pass (detect dead branches in mux trees).
Running muxtree optimizer on module \bedrock_agu..
  Creating internal representation of mux trees.
  Evaluating internal representation of mux trees.
  Analyzing evaluation results.
Removed 0 multiplexer ports.
<suppressed ~22 debug messages>

2.14.11. Executing OPT_REDUCE pass (consolidate $*mux and $reduce_* inputs).
  Optimizing cells in module \bedrock_agu.
Performed a total of 0 changes.

2.14.12. Executing OPT_MERGE pass (detect identical cells).
Finding identical cells in module `\bedrock_agu'.
Computing hashes of 34 cells of `\bedrock_agu'.
Finding duplicate cells in `\bedrock_agu'.
Removed a total of 0 cells.

2.14.13. Executing OPT_DFF pass (perform DFF optimizations).

2.14.14. Executing OPT_CLEAN pass (remove unused cells and wires).
Finding unused cells or wires in module \bedrock_agu..

2.14.15. Executing OPT_EXPR pass (perform const folding).
Optimizing module bedrock_agu.

2.14.16. Finished fast OPT passes. (There is nothing left to do.)

2.15. Executing MEMORY pass.

2.15.1. Executing OPT_MEM pass (optimize memories).
Performed a total of 0 transformations.

2.15.2. Executing OPT_MEM_PRIORITY pass (removing unnecessary memory write priority relations).
Performed a total of 0 transformations.

2.15.3. Executing OPT_MEM_FEEDBACK pass (finding memory read-to-write feedback paths).

2.15.4. Executing MEMORY_BMUX2ROM pass (converting muxes to ROMs).

2.15.5. Executing MEMORY_DFF pass (merging $dff cells to $memrd).

2.15.6. Executing OPT_CLEAN pass (remove unused cells and wires).
Finding unused cells or wires in module \bedrock_agu..

2.15.7. Executing MEMORY_SHARE pass (consolidating $memrd/$memwr cells).

2.15.8. Executing OPT_MEM_WIDEN pass (optimize memories where all ports are wide).
Performed a total of 0 transformations.

2.15.9. Executing OPT_CLEAN pass (remove unused cells and wires).
Finding unused cells or wires in module \bedrock_agu..

2.15.10. Executing MEMORY_COLLECT pass (generating $mem cells).

2.16. Executing OPT_CLEAN pass (remove unused cells and wires).
Finding unused cells or wires in module \bedrock_agu..

2.17. Executing OPT pass (performing simple optimizations).

2.17.1. Executing OPT_EXPR pass (perform const folding).
Optimizing module bedrock_agu.

2.17.2. Executing OPT_MERGE pass (detect identical cells).
Finding identical cells in module `\bedrock_agu'.
Computing hashes of 34 cells of `\bedrock_agu'.
Finding duplicate cells in `\bedrock_agu'.
Removed a total of 0 cells.

2.17.3. Executing OPT_DFF pass (perform DFF optimizations).

2.17.4. Executing OPT_CLEAN pass (remove unused cells and wires).
Finding unused cells or wires in module \bedrock_agu..

2.17.5. Finished fast OPT passes.

2.18. Executing MEMORY_MAP pass (converting memories to logic and flip-flops).

2.19. Executing OPT pass (performing simple optimizations).

2.19.1. Executing OPT_EXPR pass (perform const folding).
Optimizing module bedrock_agu.

2.19.2. Executing OPT_MERGE pass (detect identical cells).
Finding identical cells in module `\bedrock_agu'.
Computing hashes of 34 cells of `\bedrock_agu'.
Finding duplicate cells in `\bedrock_agu'.
Removed a total of 0 cells.

2.19.3. Executing OPT_MUXTREE pass (detect dead branches in mux trees).
Running muxtree optimizer on module \bedrock_agu..
  Creating internal representation of mux trees.
  Evaluating internal representation of mux trees.
  Analyzing evaluation results.
Removed 0 multiplexer ports.
<suppressed ~22 debug messages>

2.19.4. Executing OPT_REDUCE pass (consolidate $*mux and $reduce_* inputs).
  Optimizing cells in module \bedrock_agu.
    Consolidated identical input bits for $mux cell $ternary$../build/yosys/bedrock_agu_sv2v.v:72$14:
      Old ports: A=\index_reg_value_i, B={ \index_reg_value_i [31] \index_reg_value_i [31] \index_reg_value_i [31] \index_reg_value_i [31] \index_reg_value_i [31] \index_reg_value_i [31] \index_reg_value_i [31] \index_reg_value_i [31] \index_reg_value_i [31] \index_reg_value_i [31] \index_reg_value_i [31] \index_reg_value_i [31] \index_reg_value_i [31] \index_reg_value_i [31] \index_reg_value_i [31] \index_reg_value_i [31] \index_reg_value_i [31] \index_reg_value_i [31] \index_reg_value_i [31] \index_reg_value_i [31] \index_reg_value_i [31] \index_reg_value_i [31] \index_reg_value_i [31] \index_reg_value_i [31] \index_reg_value_i [31] \index_reg_value_i [31] \index_reg_value_i [31] \index_reg_value_i [31] \index_reg_value_i [31] \index_reg_value_i [31] \index_reg_value_i [31] \index_reg_value_i [31] \index_reg_value_i [31:0] }, Y=\index_value
      New ports: A=\index_reg_value_i [63:32], B={ \index_reg_value_i [31] \index_reg_value_i [31] \index_reg_value_i [31] \index_reg_value_i [31] \index_reg_value_i [31] \index_reg_value_i [31] \index_reg_value_i [31] \index_reg_value_i [31] \index_reg_value_i [31] \index_reg_value_i [31] \index_reg_value_i [31] \index_reg_value_i [31] \index_reg_value_i [31] \index_reg_value_i [31] \index_reg_value_i [31] \index_reg_value_i [31] \index_reg_value_i [31] \index_reg_value_i [31] \index_reg_value_i [31] \index_reg_value_i [31] \index_reg_value_i [31] \index_reg_value_i [31] \index_reg_value_i [31] \index_reg_value_i [31] \index_reg_value_i [31] \index_reg_value_i [31] \index_reg_value_i [31] \index_reg_value_i [31] \index_reg_value_i [31] \index_reg_value_i [31] \index_reg_value_i [31] \index_reg_value_i [31] }, Y=\index_value [63:32]
      New connections: \index_value [31:0] = \index_reg_value_i [31:0]
  Optimizing cells in module \bedrock_agu.
Performed a total of 1 changes.

2.19.5. Executing OPT_MERGE pass (detect identical cells).
Finding identical cells in module `\bedrock_agu'.
Computing hashes of 34 cells of `\bedrock_agu'.
Finding duplicate cells in `\bedrock_agu'.
Removed a total of 0 cells.

2.19.6. Executing OPT_SHARE pass.
    Found cells that share an operand and can be merged by moving the $mux $ternary$../build/yosys/bedrock_agu_sv2v.v:77$25 in front of them:
        $auto$alumacc.cc:512:replace_alu$56
        $auto$alumacc.cc:512:replace_alu$59

2.19.7. Executing OPT_DFF pass (perform DFF optimizations).

2.19.8. Executing OPT_CLEAN pass (remove unused cells and wires).
Finding unused cells or wires in module \bedrock_agu..
Removed 0 unused cells and 6 unused wires.
<suppressed ~1 debug messages>

2.19.9. Executing OPT_EXPR pass (perform const folding).
Optimizing module bedrock_agu.
<suppressed ~1 debug messages>

2.19.10. Rerunning OPT passes. (Maybe there is more to do..)

2.19.11. Executing OPT_MUXTREE pass (detect dead branches in mux trees).
Running muxtree optimizer on module \bedrock_agu..
  Creating internal representation of mux trees.
  Evaluating internal representation of mux trees.
  Analyzing evaluation results.
Removed 0 multiplexer ports.
<suppressed ~20 debug messages>

2.19.12. Executing OPT_REDUCE pass (consolidate $*mux and $reduce_* inputs).
  Optimizing cells in module \bedrock_agu.
Performed a total of 0 changes.

2.19.13. Executing OPT_MERGE pass (detect identical cells).
Finding identical cells in module `\bedrock_agu'.
Computing hashes of 34 cells of `\bedrock_agu'.
Finding duplicate cells in `\bedrock_agu'.
Removed a total of 0 cells.

2.19.14. Executing OPT_SHARE pass.

2.19.15. Executing OPT_DFF pass (perform DFF optimizations).

2.19.16. Executing OPT_CLEAN pass (remove unused cells and wires).
Finding unused cells or wires in module \bedrock_agu..
Removed 0 unused cells and 1 unused wires.
<suppressed ~1 debug messages>

2.19.17. Executing OPT_EXPR pass (perform const folding).
Optimizing module bedrock_agu.

2.19.18. Rerunning OPT passes. (Maybe there is more to do..)

2.19.19. Executing OPT_MUXTREE pass (detect dead branches in mux trees).
Running muxtree optimizer on module \bedrock_agu..
  Creating internal representation of mux trees.
  Evaluating internal representation of mux trees.
  Analyzing evaluation results.
Removed 0 multiplexer ports.
<suppressed ~20 debug messages>

2.19.20. Executing OPT_REDUCE pass (consolidate $*mux and $reduce_* inputs).
  Optimizing cells in module \bedrock_agu.
Performed a total of 0 changes.

2.19.21. Executing OPT_MERGE pass (detect identical cells).
Finding identical cells in module `\bedrock_agu'.
Computing hashes of 34 cells of `\bedrock_agu'.
Finding duplicate cells in `\bedrock_agu'.
Removed a total of 0 cells.

2.19.22. Executing OPT_SHARE pass.

2.19.23. Executing OPT_DFF pass (perform DFF optimizations).

2.19.24. Executing OPT_CLEAN pass (remove unused cells and wires).
Finding unused cells or wires in module \bedrock_agu..

2.19.25. Executing OPT_EXPR pass (perform const folding).
Optimizing module bedrock_agu.

2.19.26. Finished fast OPT passes. (There is nothing left to do.)

2.20. Executing TECHMAP pass (map to technology primitives).

2.20.1. Executing Verilog-2005 frontend: /opt/homebrew/bin/../share/yosys/techmap.v
Parsing Verilog input from `/opt/homebrew/bin/../share/yosys/techmap.v' to AST representation.
Generating RTLIL representation for module `\_90_simplemap_bool_ops'.
Generating RTLIL representation for module `\_90_simplemap_reduce_ops'.
Generating RTLIL representation for module `\_90_simplemap_logic_ops'.
Generating RTLIL representation for module `\_90_simplemap_compare_ops'.
Generating RTLIL representation for module `\_90_simplemap_various'.
Generating RTLIL representation for module `\_90_simplemap_registers'.
Generating RTLIL representation for module `\_90_shift_ops_shr_shl_sshl_sshr'.
Generating RTLIL representation for module `\_90_shift_shiftx'.
Generating RTLIL representation for module `\_90_fa'.
Generating RTLIL representation for module `\_90_lcu_brent_kung'.
Generating RTLIL representation for module `\_90_alu'.
Generating RTLIL representation for module `\_90_macc'.
Generating RTLIL representation for module `\_90_alumacc'.
Generating RTLIL representation for module `$__div_mod_u'.
Generating RTLIL representation for module `$__div_mod_trunc'.
Generating RTLIL representation for module `\_90_div'.
Generating RTLIL representation for module `\_90_mod'.
Generating RTLIL representation for module `$__div_mod_floor'.
Generating RTLIL representation for module `\_90_divfloor'.
Generating RTLIL representation for module `\_90_modfloor'.
Generating RTLIL representation for module `\_90_pow'.
Generating RTLIL representation for module `\_90_demux'.
Generating RTLIL representation for module `\_90_lut'.
Generating RTLIL representation for module `$connect'.
Generating RTLIL representation for module `$input_port'.
Successfully finished Verilog frontend.

2.20.2. Continuing TECHMAP pass.
Using extmapper simplemap for cells of type $mux.
Running "alumacc" on wrapper $extern:wrap:$neg:Y_WIDTH=64:A_WIDTH=64:A_SIGNED=0:394426c56d1a028ba8fdd5469b163e04011def47.
Using template $extern:wrap:$neg:Y_WIDTH=64:A_WIDTH=64:A_SIGNED=0:394426c56d1a028ba8fdd5469b163e04011def47 for cells of type $extern:wrap:$neg:Y_WIDTH=64:A_WIDTH=64:A_SIGNED=0:394426c56d1a028ba8fdd5469b163e04011def47.
Using template $paramod$039520c137afc9cd69dd56c3fb11a4e1fbe5f664\_90_alu for cells of type $alu.
Using extmapper maccmap for cells of type $macc_v2.
  add \address_base_value (64 bits, unsigned)
  add \displacement_value (64 bits, unsigned)
  add \scaled_index_value (64 bits, unsigned)
Using template $paramod$constmap:163fb36569838f42014cbd66c065c4479af90c6e$paramod$ecbe92d7b7ac49fb1bfdb45f39f77210c735caa8\_90_shift_ops_shr_shl_sshl_sshr for cells of type $shl.
Using extmapper simplemap for cells of type $eq.
Using extmapper simplemap for cells of type $logic_or.
Using extmapper simplemap for cells of type $logic_not.
Using extmapper simplemap for cells of type $logic_and.
Using extmapper simplemap for cells of type $pmux.
Using extmapper simplemap for cells of type $reduce_or.
Using template $paramod\_90_fa\WIDTH=32'00000000000000000000000001000000 for cells of type $fa.
Using template $paramod$38ea46ffd892378bfaf8febe0c8ac03b94ee7ee9\_90_alu for cells of type $alu.
Using extmapper simplemap for cells of type $xor.
Using template $paramod\_90_lcu_brent_kung\WIDTH=32'00000000000000000000000001000000 for cells of type $lcu.
Using extmapper simplemap for cells of type $pos.
Using extmapper simplemap for cells of type $not.
Using extmapper simplemap for cells of type $or.
Using extmapper simplemap for cells of type $and.
No more expansions possible.
<suppressed ~1530 debug messages>

2.21. Executing OPT pass (performing simple optimizations).

2.21.1. Executing OPT_EXPR pass (perform const folding).
Optimizing module bedrock_agu.
<suppressed ~1543 debug messages>

2.21.2. Executing OPT_MERGE pass (detect identical cells).
Finding identical cells in module `\bedrock_agu'.
Computing hashes of 2733 cells of `\bedrock_agu'.
Finding duplicate cells in `\bedrock_agu'.
Computing hashes of 2590 cells of `\bedrock_agu'.
Finding duplicate cells in `\bedrock_agu'.
Computing hashes of 2499 cells of `\bedrock_agu'.
Finding duplicate cells in `\bedrock_agu'.
Computing hashes of 2440 cells of `\bedrock_agu'.
Finding duplicate cells in `\bedrock_agu'.
<suppressed ~879 debug messages>
Removed a total of 293 cells.

2.21.3. Executing OPT_DFF pass (perform DFF optimizations).

2.21.4. Executing OPT_CLEAN pass (remove unused cells and wires).
Finding unused cells or wires in module \bedrock_agu..
Removed 102 unused cells and 785 unused wires.
<suppressed ~103 debug messages>

2.21.5. Finished fast OPT passes.

2.22. Executing ABC pass (technology mapping using ABC).

2.22.1. Extracting gate netlist of module `\bedrock_agu' to `<abc-temp-dir>/input.blif'..

2.22.1.1. Executed ABC.
Extracted 2338 gates and 2683 wires to a netlist network with 344 inputs and 132 outputs.
Running ABC script: <abc-temp-dir>/abc.script
ABC: ======== ABC command line "source <abc-temp-dir>/abc.script"
ABC: + read_blif <abc-temp-dir>/input.blif 
ABC: + read_library <abc-temp-dir>/stdcells.genlib 
ABC: + strash 
ABC: + &get -n 
ABC: + &fraig -x 
ABC: + &put 
ABC: + scorr 
ABC: Warning: The network is combinational (run "fraig" or "fraig_sweep").
ABC: + dc2 
ABC: + dretime 
ABC: + strash 
ABC: + &get -n 
ABC: + &dch -f 
ABC: + &nf 
ABC: + &put 
ABC: + write_blif <abc-temp-dir>/output.blif 

2.22.1.2. Re-integrating ABC results.
ABC RESULTS:               AND cells:      286
ABC RESULTS:            ANDNOT cells:       32
ABC RESULTS:               MUX cells:      287
ABC RESULTS:              NAND cells:      977
ABC RESULTS:               NOR cells:        6
ABC RESULTS:               NOT cells:        1
ABC RESULTS:                OR cells:       33
ABC RESULTS:             ORNOT cells:       46
ABC RESULTS:              XNOR cells:       76
ABC RESULTS:               XOR cells:      303
ABC RESULTS:        internal signals:     2207
ABC RESULTS:           input signals:      344
ABC RESULTS:          output signals:      132
Removing temp directory.
Removing global temp directory.

2.23. Executing OPT pass (performing simple optimizations).

2.23.1. Executing OPT_EXPR pass (perform const folding).
Optimizing module bedrock_agu.

2.23.2. Executing OPT_MERGE pass (detect identical cells).
Finding identical cells in module `\bedrock_agu'.
Computing hashes of 2047 cells of `\bedrock_agu'.
Finding duplicate cells in `\bedrock_agu'.
Removed a total of 0 cells.

2.23.3. Executing OPT_DFF pass (perform DFF optimizations).

2.23.4. Executing OPT_CLEAN pass (remove unused cells and wires).
Finding unused cells or wires in module \bedrock_agu..
Removed 0 unused cells and 1387 unused wires.
<suppressed ~9 debug messages>

2.23.5. Finished fast OPT passes.

2.24. Executing HIERARCHY pass (managing design hierarchy).
Attribute `top' found on module `bedrock_agu'. Setting top module to bedrock_agu.

2.24.1. Analyzing design hierarchy..
Top module:  \bedrock_agu

2.24.2. Analyzing design hierarchy..
Top module:  \bedrock_agu
Removed 0 unused modules.

2.25. Printing statistics.

=== bedrock_agu ===

        +----------Local Count, excluding submodules.
        | 
     1936 wires
     2760 wire bits
       21 public wires
      845 public wire bits
       14 ports
      582 port bits
     2047 cells
       32   $_ANDNOT_
      286   $_AND_
      287   $_MUX_
      977   $_NAND_
        6   $_NOR_
        1   $_NOT_
       46   $_ORNOT_
       33   $_OR_
       76   $_XNOR_
      303   $_XOR_

2.26. Executing CHECK pass (checking for obvious problems).
Checking module bedrock_agu...
Found and reported 0 problems.

3. Printing statistics.

=== bedrock_agu ===

        +----------Local Count, excluding submodules.
        | 
     1936 wires
     2760 wire bits
       21 public wires
      845 public wire bits
       14 ports
      582 port bits
     2047 cells
       32   $_ANDNOT_
      286   $_AND_
      287   $_MUX_
      977   $_NAND_
        6   $_NOR_
        1   $_NOT_
       46   $_ORNOT_
       33   $_OR_
       76   $_XNOR_
      303   $_XOR_

4. Executing JSON backend.

End of script. Logfile hash: e5acb8ecfd, time: 0.41s, user: 0.13s, system: 0.01s, MEM: 34.83 MB peak
Yosys 0.65 (git sha1 aec814bdf3071f7e0fd0fbe43f7f711e99d01e24, clang++ 21.0.0 -fPIC -O3)
Time spent: 69% 1x abc (0 sec), 6% 1x techmap (0 sec), ...
