
-- Running command `read_verilog -sv ../build/generated/bedrock_prefix_decode_synth.sv; synth -top bedrock_prefix_decode_synth; stat -top bedrock_prefix_decode_synth; write_json ../build/yosys/bedrock_prefix_decode_synth.json' --

1. Executing Verilog-2005 frontend: ../build/generated/bedrock_prefix_decode_synth.sv
Parsing SystemVerilog input from `../build/generated/bedrock_prefix_decode_synth.sv' to AST representation.
Generating RTLIL representation for module `\bedrock_prefix_decode_synth'.
Successfully finished Verilog frontend.

2. Executing SYNTH pass.

2.1. Executing HIERARCHY pass (managing design hierarchy).

2.1.1. Analyzing design hierarchy..
Top module:  \bedrock_prefix_decode_synth

2.1.2. Analyzing design hierarchy..
Top module:  \bedrock_prefix_decode_synth
Removed 0 unused modules.

2.2. Executing PROC pass (convert processes to netlists).

2.2.1. Executing PROC_CLEAN pass (remove empty switches from decision trees).
Cleaned up 0 empty switches.

2.2.2. Executing PROC_RMDEAD pass (remove dead branches from decision trees).
Marked 2 switch rules as full_case in process $proc$../build/generated/bedrock_prefix_decode_synth.sv:38$3 in module bedrock_prefix_decode_synth.
Removed a total of 0 dead cases.

2.2.3. Executing PROC_PRUNE pass (remove redundant assignments in processes).
Removed 0 redundant assignments.
Promoted 12 assignments to connections.

2.2.4. Executing PROC_INIT pass (extract init attributes).

2.2.5. Executing PROC_ARST pass (detect async resets in processes).

2.2.6. Executing PROC_ROM pass (convert switches to ROMs).
Converted 0 switches.
<suppressed ~2 debug messages>

2.2.7. Executing PROC_MUX pass (convert decision trees to multiplexers).
Creating decoders for process `\bedrock_prefix_decode_synth.$proc$../build/generated/bedrock_prefix_decode_synth.sv:38$3'.
     1/20: $2\end_group_o[0:0]
     2/20: $2\repeat_counter_o[2:0]
     3/20: $2\repeat_condition_o[3:0]
     4/20: $2\repeat_kind_o[1:0]
     5/20: $2\access_mode_o[1:0]
     6/20: $2\update_mode_o[2:0]
     7/20: $2\nontemporal_o[0:0]
     8/20: $2\saturate_o[0:0]
     9/20: $2\nospec_o[0:0]
    10/20: $2\valid_o[0:0]
    11/20: $1\end_group_o[0:0]
    12/20: $1\repeat_counter_o[2:0]
    13/20: $1\repeat_condition_o[3:0]
    14/20: $1\repeat_kind_o[1:0]
    15/20: $1\access_mode_o[1:0]
    16/20: $1\update_mode_o[2:0]
    17/20: $1\nontemporal_o[0:0]
    18/20: $1\saturate_o[0:0]
    19/20: $1\nospec_o[0:0]
    20/20: $1\valid_o[0:0]

2.2.8. Executing PROC_DLATCH pass (convert process syncs to latches).
No latch inferred for signal `\bedrock_prefix_decode_synth.\valid_o' from process `\bedrock_prefix_decode_synth.$proc$../build/generated/bedrock_prefix_decode_synth.sv:38$3'.
No latch inferred for signal `\bedrock_prefix_decode_synth.\nospec_o' from process `\bedrock_prefix_decode_synth.$proc$../build/generated/bedrock_prefix_decode_synth.sv:38$3'.
No latch inferred for signal `\bedrock_prefix_decode_synth.\saturate_o' from process `\bedrock_prefix_decode_synth.$proc$../build/generated/bedrock_prefix_decode_synth.sv:38$3'.
No latch inferred for signal `\bedrock_prefix_decode_synth.\nontemporal_o' from process `\bedrock_prefix_decode_synth.$proc$../build/generated/bedrock_prefix_decode_synth.sv:38$3'.
No latch inferred for signal `\bedrock_prefix_decode_synth.\update_mode_o' from process `\bedrock_prefix_decode_synth.$proc$../build/generated/bedrock_prefix_decode_synth.sv:38$3'.
No latch inferred for signal `\bedrock_prefix_decode_synth.\access_mode_o' from process `\bedrock_prefix_decode_synth.$proc$../build/generated/bedrock_prefix_decode_synth.sv:38$3'.
No latch inferred for signal `\bedrock_prefix_decode_synth.\repeat_kind_o' from process `\bedrock_prefix_decode_synth.$proc$../build/generated/bedrock_prefix_decode_synth.sv:38$3'.
No latch inferred for signal `\bedrock_prefix_decode_synth.\repeat_condition_o' from process `\bedrock_prefix_decode_synth.$proc$../build/generated/bedrock_prefix_decode_synth.sv:38$3'.
No latch inferred for signal `\bedrock_prefix_decode_synth.\repeat_counter_o' from process `\bedrock_prefix_decode_synth.$proc$../build/generated/bedrock_prefix_decode_synth.sv:38$3'.
No latch inferred for signal `\bedrock_prefix_decode_synth.\end_group_o' from process `\bedrock_prefix_decode_synth.$proc$../build/generated/bedrock_prefix_decode_synth.sv:38$3'.
No latch inferred for signal `\bedrock_prefix_decode_synth.\apply_prefix$func$../build/generated/bedrock_prefix_decode_synth.sv:49$1.p' from process `\bedrock_prefix_decode_synth.$proc$../build/generated/bedrock_prefix_decode_synth.sv:38$3'.
No latch inferred for signal `\bedrock_prefix_decode_synth.\apply_prefix$func$../build/generated/bedrock_prefix_decode_synth.sv:50$2.p' from process `\bedrock_prefix_decode_synth.$proc$../build/generated/bedrock_prefix_decode_synth.sv:38$3'.

2.2.9. Executing PROC_DFF pass (convert process syncs to FFs).

2.2.10. Executing PROC_MEMWR pass (convert process memory writes to cells).

2.2.11. Executing PROC_CLEAN pass (remove empty switches from decision trees).
Found and cleaned up 2 empty switches in `\bedrock_prefix_decode_synth.$proc$../build/generated/bedrock_prefix_decode_synth.sv:38$3'.
Removing empty process `bedrock_prefix_decode_synth.$proc$../build/generated/bedrock_prefix_decode_synth.sv:38$3'.
Cleaned up 2 empty switches.

2.2.12. Executing OPT_EXPR pass (perform const folding).
Optimizing module bedrock_prefix_decode_synth.
<suppressed ~2 debug messages>

2.3. Executing OPT_EXPR pass (perform const folding).
Optimizing module bedrock_prefix_decode_synth.

2.4. Executing OPT_CLEAN pass (remove unused cells and wires).
Finding unused cells or wires in module \bedrock_prefix_decode_synth..
Removed 0 unused cells and 50 unused wires.
<suppressed ~1 debug messages>

2.5. Executing CHECK pass (checking for obvious problems).
Checking module bedrock_prefix_decode_synth...
Found and reported 0 problems.

2.6. Executing OPT pass (performing simple optimizations).

2.6.1. Executing OPT_EXPR pass (perform const folding).
Optimizing module bedrock_prefix_decode_synth.

2.6.2. Executing OPT_MERGE pass (detect identical cells).
Finding identical cells in module `\bedrock_prefix_decode_synth'.
Computing hashes of 73 cells of `\bedrock_prefix_decode_synth'.
Finding duplicate cells in `\bedrock_prefix_decode_synth'.
Computing hashes of 46 cells of `\bedrock_prefix_decode_synth'.
Finding duplicate cells in `\bedrock_prefix_decode_synth'.
<suppressed ~81 debug messages>
Removed a total of 27 cells.

2.6.3. Executing OPT_MUXTREE pass (detect dead branches in mux trees).
Running muxtree optimizer on module \bedrock_prefix_decode_synth..
  Creating internal representation of mux trees.
  Evaluating internal representation of mux trees.
  Analyzing evaluation results.
Removed 0 multiplexer ports.
<suppressed ~43 debug messages>

2.6.4. Executing OPT_REDUCE pass (consolidate $*mux and $reduce_* inputs).
  Optimizing cells in module \bedrock_prefix_decode_synth.
    New ctrl vector for $pmux cell $procmux$107: $auto$opt_reduce.cc:135:opt_pmux$197
    New ctrl vector for $pmux cell $procmux$181: $auto$opt_reduce.cc:135:opt_pmux$199
    New ctrl vector for $pmux cell $procmux$86: $auto$opt_reduce.cc:135:opt_pmux$201
    New ctrl vector for $pmux cell $procmux$12: $auto$opt_reduce.cc:135:opt_pmux$203
  Optimizing cells in module \bedrock_prefix_decode_synth.
Performed a total of 4 changes.

2.6.5. Executing OPT_MERGE pass (detect identical cells).
Finding identical cells in module `\bedrock_prefix_decode_synth'.
Computing hashes of 50 cells of `\bedrock_prefix_decode_synth'.
Finding duplicate cells in `\bedrock_prefix_decode_synth'.
Removed a total of 0 cells.

2.6.6. Executing OPT_DFF pass (perform DFF optimizations).

2.6.7. Executing OPT_CLEAN pass (remove unused cells and wires).
Finding unused cells or wires in module \bedrock_prefix_decode_synth..
Removed 0 unused cells and 27 unused wires.
<suppressed ~1 debug messages>

2.6.8. Executing OPT_EXPR pass (perform const folding).
Optimizing module bedrock_prefix_decode_synth.

2.6.9. Rerunning OPT passes. (Maybe there is more to do..)

2.6.10. Executing OPT_MUXTREE pass (detect dead branches in mux trees).
Running muxtree optimizer on module \bedrock_prefix_decode_synth..
  Creating internal representation of mux trees.
  Evaluating internal representation of mux trees.
  Analyzing evaluation results.
Removed 0 multiplexer ports.
<suppressed ~30 debug messages>

2.6.11. Executing OPT_REDUCE pass (consolidate $*mux and $reduce_* inputs).
  Optimizing cells in module \bedrock_prefix_decode_synth.
Performed a total of 0 changes.

2.6.12. Executing OPT_MERGE pass (detect identical cells).
Finding identical cells in module `\bedrock_prefix_decode_synth'.
Computing hashes of 50 cells of `\bedrock_prefix_decode_synth'.
Finding duplicate cells in `\bedrock_prefix_decode_synth'.
Removed a total of 0 cells.

2.6.13. Executing OPT_DFF pass (perform DFF optimizations).

2.6.14. Executing OPT_CLEAN pass (remove unused cells and wires).
Finding unused cells or wires in module \bedrock_prefix_decode_synth..

2.6.15. Executing OPT_EXPR pass (perform const folding).
Optimizing module bedrock_prefix_decode_synth.

2.6.16. Finished fast OPT passes. (There is nothing left to do.)

2.7. Executing FSM pass (extract and optimize FSM).

2.7.1. Executing FSM_DETECT pass (finding FSMs in design).

2.7.2. Executing FSM_EXTRACT pass (extracting FSM from design).

2.7.3. Executing FSM_OPT pass (simple optimizations of FSMs).

2.7.4. Executing OPT_CLEAN pass (remove unused cells and wires).
Finding unused cells or wires in module \bedrock_prefix_decode_synth..

2.7.5. Executing FSM_OPT pass (simple optimizations of FSMs).

2.7.6. Executing FSM_RECODE pass (re-assigning FSM state encoding).

2.7.7. Executing FSM_INFO pass (dumping all available information on FSM cells).

2.7.8. Executing FSM_MAP pass (mapping FSMs to basic logic).

2.8. Executing OPT pass (performing simple optimizations).

2.8.1. Executing OPT_EXPR pass (perform const folding).
Optimizing module bedrock_prefix_decode_synth.

2.8.2. Executing OPT_MERGE pass (detect identical cells).
Finding identical cells in module `\bedrock_prefix_decode_synth'.
Computing hashes of 50 cells of `\bedrock_prefix_decode_synth'.
Finding duplicate cells in `\bedrock_prefix_decode_synth'.
Removed a total of 0 cells.

2.8.3. Executing OPT_MUXTREE pass (detect dead branches in mux trees).
Running muxtree optimizer on module \bedrock_prefix_decode_synth..
  Creating internal representation of mux trees.
  Evaluating internal representation of mux trees.
  Analyzing evaluation results.
Removed 0 multiplexer ports.
<suppressed ~30 debug messages>

2.8.4. Executing OPT_REDUCE pass (consolidate $*mux and $reduce_* inputs).
  Optimizing cells in module \bedrock_prefix_decode_synth.
Performed a total of 0 changes.

2.8.5. Executing OPT_MERGE pass (detect identical cells).
Finding identical cells in module `\bedrock_prefix_decode_synth'.
Computing hashes of 50 cells of `\bedrock_prefix_decode_synth'.
Finding duplicate cells in `\bedrock_prefix_decode_synth'.
Removed a total of 0 cells.

2.8.6. Executing OPT_DFF pass (perform DFF optimizations).

2.8.7. Executing OPT_CLEAN pass (remove unused cells and wires).
Finding unused cells or wires in module \bedrock_prefix_decode_synth..

2.8.8. Executing OPT_EXPR pass (perform const folding).
Optimizing module bedrock_prefix_decode_synth.

2.8.9. Finished fast OPT passes. (There is nothing left to do.)

2.9. Executing WREDUCE pass (reducing word size of cells).
Removed top 1 bits (of 5) from port B of cell bedrock_prefix_decode_synth.$procmux$87_CMP0 ($eq).
Removed top 1 bits (of 8) from port B of cell bedrock_prefix_decode_synth.$procmux$89_CMP0 ($eq).
Removed top 4 bits (of 8) from port B of cell bedrock_prefix_decode_synth.$procmux$90_CMP0 ($eq).
Removed top 4 bits (of 8) from port B of cell bedrock_prefix_decode_synth.$procmux$91_CMP0 ($eq).
Removed top 4 bits (of 8) from port B of cell bedrock_prefix_decode_synth.$procmux$92_CMP0 ($eq).
Removed top 5 bits (of 8) from port B of cell bedrock_prefix_decode_synth.$procmux$93_CMP0 ($eq).
Removed top 5 bits (of 8) from port B of cell bedrock_prefix_decode_synth.$procmux$94_CMP0 ($eq).
Removed top 5 bits (of 8) from port B of cell bedrock_prefix_decode_synth.$procmux$95_CMP0 ($eq).
Removed top 5 bits (of 8) from port B of cell bedrock_prefix_decode_synth.$procmux$96_CMP0 ($eq).
Removed top 6 bits (of 8) from port B of cell bedrock_prefix_decode_synth.$procmux$97_CMP0 ($eq).
Removed top 6 bits (of 8) from port B of cell bedrock_prefix_decode_synth.$procmux$98_CMP0 ($eq).
Removed top 7 bits (of 8) from port B of cell bedrock_prefix_decode_synth.$procmux$99_CMP0 ($eq).
Removed top 1 bits (of 5) from port B of cell bedrock_prefix_decode_synth.$procmux$182_CMP0 ($eq).
Removed top 1 bits (of 8) from port B of cell bedrock_prefix_decode_synth.$procmux$184_CMP0 ($eq).
Removed top 4 bits (of 8) from port B of cell bedrock_prefix_decode_synth.$procmux$185_CMP0 ($eq).
Removed top 4 bits (of 8) from port B of cell bedrock_prefix_decode_synth.$procmux$186_CMP0 ($eq).
Removed top 4 bits (of 8) from port B of cell bedrock_prefix_decode_synth.$procmux$187_CMP0 ($eq).
Removed top 5 bits (of 8) from port B of cell bedrock_prefix_decode_synth.$procmux$188_CMP0 ($eq).
Removed top 5 bits (of 8) from port B of cell bedrock_prefix_decode_synth.$procmux$189_CMP0 ($eq).
Removed top 5 bits (of 8) from port B of cell bedrock_prefix_decode_synth.$procmux$190_CMP0 ($eq).
Removed top 5 bits (of 8) from port B of cell bedrock_prefix_decode_synth.$procmux$191_CMP0 ($eq).
Removed top 6 bits (of 8) from port B of cell bedrock_prefix_decode_synth.$procmux$192_CMP0 ($eq).
Removed top 6 bits (of 8) from port B of cell bedrock_prefix_decode_synth.$procmux$193_CMP0 ($eq).
Removed top 7 bits (of 8) from port B of cell bedrock_prefix_decode_synth.$procmux$194_CMP0 ($eq).

2.10. Executing PEEPOPT pass (run peephole optimizers).

2.11. Executing OPT_CLEAN pass (remove unused cells and wires).
Finding unused cells or wires in module \bedrock_prefix_decode_synth..

2.12. Executing ALUMACC pass (create $alu and $macc cells).
Extracting $alu and $macc cells in module bedrock_prefix_decode_synth:
  created 0 $alu and 0 $macc cells.

2.13. Executing SHARE pass (SAT-based resource sharing).

2.14. Executing OPT pass (performing simple optimizations).

2.14.1. Executing OPT_EXPR pass (perform const folding).
Optimizing module bedrock_prefix_decode_synth.

2.14.2. Executing OPT_MERGE pass (detect identical cells).
Finding identical cells in module `\bedrock_prefix_decode_synth'.
Computing hashes of 50 cells of `\bedrock_prefix_decode_synth'.
Finding duplicate cells in `\bedrock_prefix_decode_synth'.
Removed a total of 0 cells.

2.14.3. Executing OPT_MUXTREE pass (detect dead branches in mux trees).
Running muxtree optimizer on module \bedrock_prefix_decode_synth..
  Creating internal representation of mux trees.
  Evaluating internal representation of mux trees.
  Analyzing evaluation results.
Removed 0 multiplexer ports.
<suppressed ~30 debug messages>

2.14.4. Executing OPT_REDUCE pass (consolidate $*mux and $reduce_* inputs).
  Optimizing cells in module \bedrock_prefix_decode_synth.
Performed a total of 0 changes.

2.14.5. Executing OPT_MERGE pass (detect identical cells).
Finding identical cells in module `\bedrock_prefix_decode_synth'.
Computing hashes of 50 cells of `\bedrock_prefix_decode_synth'.
Finding duplicate cells in `\bedrock_prefix_decode_synth'.
Removed a total of 0 cells.

2.14.6. Executing OPT_DFF pass (perform DFF optimizations).

2.14.7. Executing OPT_CLEAN pass (remove unused cells and wires).
Finding unused cells or wires in module \bedrock_prefix_decode_synth..

2.14.8. Executing OPT_EXPR pass (perform const folding).
Optimizing module bedrock_prefix_decode_synth.

2.14.9. Finished fast OPT passes. (There is nothing left to do.)

2.15. Executing MEMORY pass.

2.15.1. Executing OPT_MEM pass (optimize memories).
Performed a total of 0 transformations.

2.15.2. Executing OPT_MEM_PRIORITY pass (removing unnecessary memory write priority relations).
Performed a total of 0 transformations.

2.15.3. Executing OPT_MEM_FEEDBACK pass (finding memory read-to-write feedback paths).

2.15.4. Executing MEMORY_BMUX2ROM pass (converting muxes to ROMs).

2.15.5. Executing MEMORY_DFF pass (merging $dff cells to $memrd).

2.15.6. Executing OPT_CLEAN pass (remove unused cells and wires).
Finding unused cells or wires in module \bedrock_prefix_decode_synth..

2.15.7. Executing MEMORY_SHARE pass (consolidating $memrd/$memwr cells).

2.15.8. Executing OPT_MEM_WIDEN pass (optimize memories where all ports are wide).
Performed a total of 0 transformations.

2.15.9. Executing OPT_CLEAN pass (remove unused cells and wires).
Finding unused cells or wires in module \bedrock_prefix_decode_synth..

2.15.10. Executing MEMORY_COLLECT pass (generating $mem cells).

2.16. Executing OPT_CLEAN pass (remove unused cells and wires).
Finding unused cells or wires in module \bedrock_prefix_decode_synth..

2.17. Executing OPT pass (performing simple optimizations).

2.17.1. Executing OPT_EXPR pass (perform const folding).
Optimizing module bedrock_prefix_decode_synth.
<suppressed ~10 debug messages>

2.17.2. Executing OPT_MERGE pass (detect identical cells).
Finding identical cells in module `\bedrock_prefix_decode_synth'.
Computing hashes of 45 cells of `\bedrock_prefix_decode_synth'.
Finding duplicate cells in `\bedrock_prefix_decode_synth'.
Removed a total of 0 cells.

2.17.3. Executing OPT_DFF pass (perform DFF optimizations).

2.17.4. Executing OPT_CLEAN pass (remove unused cells and wires).
Finding unused cells or wires in module \bedrock_prefix_decode_synth..
Removed 0 unused cells and 5 unused wires.
<suppressed ~1 debug messages>

2.17.5. Finished fast OPT passes.

2.18. Executing MEMORY_MAP pass (converting memories to logic and flip-flops).

2.19. Executing OPT pass (performing simple optimizations).

2.19.1. Executing OPT_EXPR pass (perform const folding).
Optimizing module bedrock_prefix_decode_synth.

2.19.2. Executing OPT_MERGE pass (detect identical cells).
Finding identical cells in module `\bedrock_prefix_decode_synth'.
Computing hashes of 45 cells of `\bedrock_prefix_decode_synth'.
Finding duplicate cells in `\bedrock_prefix_decode_synth'.
Removed a total of 0 cells.

2.19.3. Executing OPT_MUXTREE pass (detect dead branches in mux trees).
Running muxtree optimizer on module \bedrock_prefix_decode_synth..
  Creating internal representation of mux trees.
  Evaluating internal representation of mux trees.
  Analyzing evaluation results.
Removed 0 multiplexer ports.
<suppressed ~15 debug messages>

2.19.4. Executing OPT_REDUCE pass (consolidate $*mux and $reduce_* inputs).
  Optimizing cells in module \bedrock_prefix_decode_synth.
Performed a total of 0 changes.

2.19.5. Executing OPT_MERGE pass (detect identical cells).
Finding identical cells in module `\bedrock_prefix_decode_synth'.
Computing hashes of 45 cells of `\bedrock_prefix_decode_synth'.
Finding duplicate cells in `\bedrock_prefix_decode_synth'.
Removed a total of 0 cells.

2.19.6. Executing OPT_SHARE pass.

2.19.7. Executing OPT_DFF pass (perform DFF optimizations).

2.19.8. Executing OPT_CLEAN pass (remove unused cells and wires).
Finding unused cells or wires in module \bedrock_prefix_decode_synth..

2.19.9. Executing OPT_EXPR pass (perform const folding).
Optimizing module bedrock_prefix_decode_synth.

2.19.10. Finished fast OPT passes. (There is nothing left to do.)

2.20. Executing TECHMAP pass (map to technology primitives).

2.20.1. Executing Verilog-2005 frontend: /opt/homebrew/bin/../share/yosys/techmap.v
Parsing Verilog input from `/opt/homebrew/bin/../share/yosys/techmap.v' to AST representation.
Generating RTLIL representation for module `\_90_simplemap_bool_ops'.
Generating RTLIL representation for module `\_90_simplemap_reduce_ops'.
Generating RTLIL representation for module `\_90_simplemap_logic_ops'.
Generating RTLIL representation for module `\_90_simplemap_compare_ops'.
Generating RTLIL representation for module `\_90_simplemap_various'.
Generating RTLIL representation for module `\_90_simplemap_registers'.
Generating RTLIL representation for module `\_90_shift_ops_shr_shl_sshl_sshr'.
Generating RTLIL representation for module `\_90_shift_shiftx'.
Generating RTLIL representation for module `\_90_fa'.
Generating RTLIL representation for module `\_90_lcu_brent_kung'.
Generating RTLIL representation for module `\_90_alu'.
Generating RTLIL representation for module `\_90_macc'.
Generating RTLIL representation for module `\_90_alumacc'.
Generating RTLIL representation for module `$__div_mod_u'.
Generating RTLIL representation for module `$__div_mod_trunc'.
Generating RTLIL representation for module `\_90_div'.
Generating RTLIL representation for module `\_90_mod'.
Generating RTLIL representation for module `$__div_mod_floor'.
Generating RTLIL representation for module `\_90_divfloor'.
Generating RTLIL representation for module `\_90_modfloor'.
Generating RTLIL representation for module `\_90_pow'.
Generating RTLIL representation for module `\_90_demux'.
Generating RTLIL representation for module `\_90_lut'.
Generating RTLIL representation for module `$connect'.
Generating RTLIL representation for module `$input_port'.
Successfully finished Verilog frontend.

2.20.2. Continuing TECHMAP pass.
Using extmapper simplemap for cells of type $reduce_or.
Using extmapper simplemap for cells of type $or.
Using extmapper simplemap for cells of type $mux.
Using extmapper simplemap for cells of type $pmux.
Using extmapper simplemap for cells of type $eq.
Using extmapper simplemap for cells of type $and.
Using extmapper simplemap for cells of type $logic_not.
No more expansions possible.
<suppressed ~122 debug messages>

2.21. Executing OPT pass (performing simple optimizations).

2.21.1. Executing OPT_EXPR pass (perform const folding).
Optimizing module bedrock_prefix_decode_synth.
<suppressed ~260 debug messages>

2.21.2. Executing OPT_MERGE pass (detect identical cells).
Finding identical cells in module `\bedrock_prefix_decode_synth'.
Computing hashes of 336 cells of `\bedrock_prefix_decode_synth'.
Finding duplicate cells in `\bedrock_prefix_decode_synth'.
Computing hashes of 241 cells of `\bedrock_prefix_decode_synth'.
Finding duplicate cells in `\bedrock_prefix_decode_synth'.
Computing hashes of 199 cells of `\bedrock_prefix_decode_synth'.
Finding duplicate cells in `\bedrock_prefix_decode_synth'.
Computing hashes of 197 cells of `\bedrock_prefix_decode_synth'.
Finding duplicate cells in `\bedrock_prefix_decode_synth'.
<suppressed ~417 debug messages>
Removed a total of 139 cells.

2.21.3. Executing OPT_DFF pass (perform DFF optimizations).

2.21.4. Executing OPT_CLEAN pass (remove unused cells and wires).
Finding unused cells or wires in module \bedrock_prefix_decode_synth..
Removed 0 unused cells and 180 unused wires.
<suppressed ~1 debug messages>

2.21.5. Finished fast OPT passes.

2.22. Executing ABC pass (technology mapping using ABC).

2.22.1. Extracting gate netlist of module `\bedrock_prefix_decode_synth' to `<abc-temp-dir>/input.blif'..

2.22.1.1. Executed ABC.
Extracted 197 gates and 214 wires to a netlist network with 16 inputs and 19 outputs.
Running ABC script: <abc-temp-dir>/abc.script
ABC: ======== ABC command line "source <abc-temp-dir>/abc.script"
ABC: + read_blif <abc-temp-dir>/input.blif 
ABC: + read_library <abc-temp-dir>/stdcells.genlib 
ABC: + strash 
ABC: + &get -n 
ABC: + &fraig -x 
ABC: + &put 
ABC: + scorr 
ABC: Warning: The network is combinational (run "fraig" or "fraig_sweep").
ABC: + dc2 
ABC: + dretime 
ABC: + strash 
ABC: + &get -n 
ABC: + &dch -f 
ABC: + &nf 
ABC: + &put 
ABC: + write_blif <abc-temp-dir>/output.blif 

2.22.1.2. Re-integrating ABC results.
ABC RESULTS:               AND cells:       19
ABC RESULTS:            ANDNOT cells:       18
ABC RESULTS:               MUX cells:        3
ABC RESULTS:              NAND cells:       41
ABC RESULTS:               NOR cells:       11
ABC RESULTS:               NOT cells:        1
ABC RESULTS:                OR cells:        9
ABC RESULTS:             ORNOT cells:        2
ABC RESULTS:        internal signals:      179
ABC RESULTS:           input signals:       16
ABC RESULTS:          output signals:       19
Removing temp directory.
Removing global temp directory.

2.23. Executing OPT pass (performing simple optimizations).

2.23.1. Executing OPT_EXPR pass (perform const folding).
Optimizing module bedrock_prefix_decode_synth.

2.23.2. Executing OPT_MERGE pass (detect identical cells).
Finding identical cells in module `\bedrock_prefix_decode_synth'.
Computing hashes of 104 cells of `\bedrock_prefix_decode_synth'.
Finding duplicate cells in `\bedrock_prefix_decode_synth'.
Removed a total of 0 cells.

2.23.3. Executing OPT_DFF pass (perform DFF optimizations).

2.23.4. Executing OPT_CLEAN pass (remove unused cells and wires).
Finding unused cells or wires in module \bedrock_prefix_decode_synth..
Removed 0 unused cells and 165 unused wires.
<suppressed ~1 debug messages>

2.23.5. Finished fast OPT passes.

2.24. Executing HIERARCHY pass (managing design hierarchy).
Attribute `top' found on module `bedrock_prefix_decode_synth'. Setting top module to bedrock_prefix_decode_synth.

2.24.1. Analyzing design hierarchy..
Top module:  \bedrock_prefix_decode_synth

2.24.2. Analyzing design hierarchy..
Top module:  \bedrock_prefix_decode_synth
Removed 0 unused modules.

2.25. Printing statistics.

=== bedrock_prefix_decode_synth ===

        +----------Local Count, excluding submodules.
        | 
       98 wires
      136 wire bits
       13 public wires
       51 public wire bits
       11 ports
       35 port bits
      104 cells
       18   $_ANDNOT_
       19   $_AND_
        3   $_MUX_
       41   $_NAND_
       11   $_NOR_
        1   $_NOT_
        2   $_ORNOT_
        9   $_OR_

2.26. Executing CHECK pass (checking for obvious problems).
Checking module bedrock_prefix_decode_synth...
Found and reported 0 problems.

3. Printing statistics.

=== bedrock_prefix_decode_synth ===

        +----------Local Count, excluding submodules.
        | 
       98 wires
      136 wire bits
       13 public wires
       51 public wire bits
       11 ports
       35 port bits
      104 cells
       18   $_ANDNOT_
       19   $_AND_
        3   $_MUX_
       41   $_NAND_
       11   $_NOR_
        1   $_NOT_
        2   $_ORNOT_
        9   $_OR_

4. Executing JSON backend.

End of script. Logfile hash: 97b1f6c777, time: 0.10s, user: 0.03s, system: 0.01s, MEM: 19.02 MB peak
Yosys 0.65 (git sha1 aec814bdf3071f7e0fd0fbe43f7f711e99d01e24, clang++ 21.0.0 -fPIC -O3)
Time spent: 71% 1x abc (0 sec), 6% 3x read_verilog (0 sec), ...
